// Jest Snapshot v1, https://goo.gl/fbAQLP

exports[`TurtleEnableBar should match snapshot 1`] = `<styled.div />`;

exports[`TurtleEnableBar should render all turtles as <TurtleEnableButton /> components 1`] = `
<TurtleEnableBar
  onTurtleEnableChange={[Function]}
  turtles={
    Array [
      Object {
        "enabled": false,
        "id": 0,
      },
      Object {
        "enabled": false,
        "id": 1,
      },
      Object {
        "enabled": false,
        "id": 2,
      },
    ]
  }
>
  <styled.div>
    <div
      className="sc-bwzfXH byJVkT"
    >
      <TurtleEnableButton
        enabled={false}
        id={1}
        key="0"
        onTurtleEnableChange={[Function]}
      >
        <styled.button
          isActive={false}
          onClick={[Function]}
        >
          <button
            className="sc-bdVaJa fIMHSN"
            onClick={[Function]}
          >
            1
          </button>
        </styled.button>
      </TurtleEnableButton>
      <TurtleEnableButton
        enabled={false}
        id={2}
        key="1"
        onTurtleEnableChange={[Function]}
      >
        <styled.button
          isActive={false}
          onClick={[Function]}
        >
          <button
            className="sc-bdVaJa fIMHSN"
            onClick={[Function]}
          >
            2
          </button>
        </styled.button>
      </TurtleEnableButton>
      <TurtleEnableButton
        enabled={false}
        id={3}
        key="2"
        onTurtleEnableChange={[Function]}
      >
        <styled.button
          isActive={false}
          onClick={[Function]}
        >
          <button
            className="sc-bdVaJa fIMHSN"
            onClick={[Function]}
          >
            3
          </button>
        </styled.button>
      </TurtleEnableButton>
    </div>
  </styled.div>
</TurtleEnableBar>
`;
