// Jest Snapshot v1, https://goo.gl/fbAQLP

exports[`Button can be clicked 1`] = `
<button
  disabled={false}
  onClick="Yeah, that'll do."
>
  hurrdurr
</button>
`;

exports[`Button can be clicked Test Button with Snapshot 1`] = `
<button
  disabled={false}
  onClick="Yeah, that'll do."
>
  hurrdurr
</button>
`;
