// Jest Snapshot v1, https://goo.gl/fbAQLP

exports[`renders without crashing 1`] = `
<div>
  <TurtleEnableBar
    onTurtleEnableChange={[Function]}
    turtles={
      Array [
        Object {
          "enabled": true,
          "id": 1,
        },
        Object {
          "enabled": false,
          "id": 2,
        },
      ]
    }
  />
  <Turtle
    editable={true}
    key="1"
    onChange={[Function]}
    turtle={
      Object {
        "battery": 66,
        "enabled": true,
        "home": "Yellow home",
        "id": 1,
        "role": "INACTIVE",
        "team": "Magenta",
      }
    }
  />
</div>
`;
