// Jest Snapshot v1, https://goo.gl/fbAQLP

exports[`AuthenticationScreen should match snapshot 1`] = `
.c6 {
  background: #ff6347;
  padding: 0.6rem 3rem 0.6rem 0.6rem;
  display: -webkit-box;
  display: -webkit-flex;
  display: -ms-flexbox;
  display: flex;
  -webkit-align-items: center;
  -webkit-box-align: center;
  -ms-flex-align: center;
  align-items: center;
  -webkit-box-pack: center;
  -webkit-justify-content: center;
  -ms-flex-pack: center;
  justify-content: center;
  color: #FFFFFF;
  position: relative;
}

.c7 {
  text-transform: uppercase;
  margin: 0;
  display: block;
  font-size: 1.4rem;
}

.c0 {
  background: #c0c0c0;
  height: 100%;
  padding-top: 10%;
}

.c1 {
  margin: 0 auto;
  border: 0.1rem solid;
  border-bottom: none;
  background: #ededed;
  width: 85%;
  padding: 1rem;
  text-align: center;
}

.c2 {
  font-size: 1.5rem;
}

.c3 {
  margin-top: 1rem;
}

.c3[type="text"] {
  border: 0.1rem solid;
  width: 100%;
  padding: 1.75rem;
  font-size: 1.5rem;
}

.c4 {
  margin-top: 1rem;
  background-color: #FFFFFF;
  border: 0.1rem solid;
  width: 100%;
  height: 5rem;
  font-size: 1.5rem;
}

.c4:active {
  background-color: #ededed;
}

.c5 {
  padding: 0;
  border-bottom: 0.1rem solid;
}

<AuthenticationScreen
  connectionStatus="disconnected"
  notification=""
  onSubmit={[Function]}
>
  <styled.div>
    <div
      className="c0"
    >
      <styled.div>
        <div
          className="c1"
        >
          <styled.label>
            <label
              className="c2"
            >
              Token:
            </label>
          </styled.label>
          <TokenInput
            id="auth-screen_token-input"
            onChange={[Function]}
            placeholder="Enter the TRC token"
            type="text"
          >
            <input
              className="c3"
              id="auth-screen_token-input"
              onChange={[Function]}
              placeholder="Enter the TRC token"
              type="text"
            />
          </TokenInput>
          <LoginButton
            id="auth-screen__login-button"
            onClick={[Function]}
          >
            <button
              className="c4"
              id="auth-screen__login-button"
              onClick={[Function]}
            >
              Log in
            </button>
          </LoginButton>
        </div>
      </styled.div>
      <Styled(styled.div)>
        <styled.div
          className="c5"
        >
          <div
            className="c5 c1"
          >
            <ConnectionBar
              connectionStatus="disconnected"
            >
              <styled.div
                background={
                  Array [
                    "
                          background: ",
                    [Function],
                    ";
                        ",
                  ]
                }
              >
                <div
                  className="c6"
                >
                  <styled.p>
                    <p
                      className="c7"
                    >
                      disconnected
                    </p>
                  </styled.p>
                </div>
              </styled.div>
            </ConnectionBar>
          </div>
        </styled.div>
      </Styled(styled.div)>
    </div>
  </styled.div>
</AuthenticationScreen>
`;
