// Jest Snapshot v1, https://goo.gl/fbAQLP

exports[`renders without crashing 1`] = `
<styled.div>
  <Styled(Dropdown)
    currentValue="Whatever"
    enabled={true}
    onChange={[Function]}
    values={
      Array [
        "Role assigner on",
        "Role assigner off",
        "Pass demo",
        "Penalty mode",
        "Ball Handling demo",
      ]
    }
  />
  <Turtle
    editable={true}
    key="1"
    onChange={[Function]}
    turtle={
      Object {
        "batteryvoltage": 66,
        "enabled": true,
        "homegoal": "Yellow home",
        "id": 1,
        "role": "INACTIVE",
        "teamcolor": "Magenta",
      }
    }
  />
  <Turtle
    editable={true}
    key="2"
    onChange={[Function]}
    turtle={
      Object {
        "batteryvoltage": 42,
        "enabled": false,
        "homegoal": "Yellow home",
        "id": 2,
        "role": "INACTIVE",
        "teamcolor": "Magenta",
      }
    }
  />
</styled.div>
`;
