// Jest Snapshot v1, https://goo.gl/fbAQLP

exports[`ConfigDropdown shows two dropdown menus 1`] = `
<styled.div>
  <Styled(Dropdown)
    currentValue=""
    enabled={true}
    onChange={[Function]}
    values={
      Array [
        "Practice",
        "Dual team",
        "Match",
      ]
    }
  />
  <Styled(Dropdown)
    currentValue=""
    enabled={true}
    onChange={[Function]}
    values={
      Array [
        "Role assigner on",
        "Role assigner off",
        "Pass demo",
        "Penalty mode",
        "Ball Handling demo",
      ]
    }
  />
</styled.div>
`;
