// Jest Snapshot v1, https://goo.gl/fbAQLP

exports[`DropBall shows a button with DB written on it 1`] = `
.c0 {
  height: 25%;
  display: -webkit-box;
  display: -webkit-flex;
  display: -ms-flexbox;
  display: flex;
  -webkit-flex-direction: row;
  -ms-flex-direction: row;
  flex-direction: row;
  -webkit-box-pack: center;
  -webkit-justify-content: center;
  -ms-flex-pack: center;
  justify-content: center;
}

.c1 {
  background-color: #ededed;
  height: 75%;
  width: 25%;
  border: 0.25rem solid;
  font-size: 2rem;
  margin: auto;
}

.c1:active {
  background-color: #c0c0c0;
}

<DropBall
  onClick={[Function]}
>
  <styled.div>
    <div
      className="c0"
    >
      <styled.button
        id="drop-ball-button"
        onClick={[Function]}
      >
        <button
          className="c1"
          id="drop-ball-button"
          onClick={[Function]}
        >
          DB
        </button>
      </styled.button>
    </div>
  </styled.div>
</DropBall>
`;

exports[`When clicked, the Drop Ball button should pass \`dropped_ball\` to the 'sendToServer' function 1`] = `
Object {
  "body": "\\"dropped_ball\\"",
  "headers": Headers {
    "map": Object {
      "authorization": "Basic dXNlcjp1bmRlZmluZWQ=",
    },
  },
  "method": "POST",
}
`;
