// Jest Snapshot v1, https://goo.gl/fbAQLP

exports[`RefboxSettings shows the settings including two dropdown menus and three buttons 1`] = `
<styled.div>
  <DropBall
    onClick={[Function]}
  />
  <styled.div>
    <InOutButton
      onClick={[Function]}
    />
    <ConfigDropdown
      onChange={[Function]}
      value="Whatever"
    />
  </styled.div>
</styled.div>
`;
