// Jest Snapshot v1, https://goo.gl/fbAQLP

exports[`InOutButton shows two buttons with go in or go out written on it 1`] = `
<styled.div>
  <styled.button
    onClick={[Function]}
  >
    Go in
  </styled.button>
  <styled.button
    onClick={[Function]}
  >
    Go out
  </styled.button>
</styled.div>
`;
